
FALHA da compilação.
    0 Aviso(s)
    0 Erro(s)

Tempo Decorrido 00:00:16.44
